filter,function_type,function_key,setup_code,assign_to_key,comments
all,additive_equation,f_flush_aadi_exp,par_surf_exp_life * 1min(f_flush_probability),,
all,additive_equation,f_scabb_aadi_exp,par_surf_exp_life * 1min(f_scabb_probability),,
all,additive_equation,f_lt_cracks_aadi_exp,par_surf_exp_life * 1min(f_lt_cracks_probability),,
all,additive_equation,f_mesh_cracks_aadi_exp,par_surf_exp_life * 1min(f_mesh_cracks_probability),,
all,additive_equation,f_shove_aadi_exp,par_surf_exp_life * 1min(f_shove_probability),,
all,additive_equation,f_poth_aadi_exp,par_surf_exp_life * 1min(f_poth_probability),,
